{
  "abstract" : false,
  "description" : "Example Description",
  "kind" : "complex-type",
  "status" : "draft",
  "type" : "SomeId",
  "url" : "http://some.url/SomeId",
  "differential" : {
    "id" : "xxxxxxxx-xxxx-xxxx-xxxx-xxxxxxxx",
    "element" : [ {
      "id" : "xxxxxxxx-xxxx-xxxx-xxxx-xxxxxxxx",
      "comment" : "Example field description",
      "definition" : "Example field description",
      "max" : "1",
      "min" : 1,
      "path" : "ExampleComplex.exampleField",
      "short" : "Example field description",
      "type" : [ {
        "id" : "xxxxxxxx-xxxx-xxxx-xxxx-xxxxxxxx",
        "code" : "string",
        "targetProfile" : [ ]
      } ]
    } ]
  }
}