Cannot load data for form, because no aggregate with provided resource id was found.
Resource id: 'NonExistingId'