Cannot load data for form, because there was not command handler definition with provided operation.
Operation name: 'NotExisting'