{
  "implicitRules" : "http://some.uri.com",
  "language" : "cz"
}