{
  "description" : "Example Command with Example Reference Field",
  "title" : "TestMultipleReferenceCommand",
  "type" : "object",
  "definitions" : { },
  "properties" : {
    "exampleMultipleReferenceField" : {
      "oneOf" : [ {
        "description" : "",
        "title" : "Example Multiple Reference Field",
        "type" : "string"
      }, {
        "description" : "",
        "title" : "Example Multiple Reference Field",
        "type" : "string"
      } ]
    }
  },
  "required" : [ "exampleMultipleReferenceField" ]
}