{
  "description" : "Example Command with Example String Field",
  "title" : "TestSimpleCommand",
  "type" : "object",
  "definitions" : { },
  "properties" : {
    "exampleStringField" : {
      "description" : "",
      "title" : "exampleStringField",
      "type" : "string"
    }
  },
  "required" : [ "exampleStringField" ]
}