{
  "description" : "Example Command with Multiple Fields",
  "title" : "TestMultipleSimpleCommand",
  "type" : "object",
  "definitions" : { },
  "properties" : {
    "exampleBooleanField" : {
      "description" : "",
      "title" : "exampleBooleanField",
      "type" : "boolean"
    },
    "exampleIntegerField" : {
      "description" : "",
      "title" : "exampleIntegerField",
      "type" : "number"
    },
    "exampleStringField" : {
      "description" : "",
      "title" : "exampleStringField",
      "type" : "string"
    }
  },
  "required" : [ "exampleStringField" ]
}