{
  "description" : "Example Command with Example String Field",
  "title" : "TestUnionCommand",
  "type" : "object",
  "definitions" : {
    "BoxedInteger" : {
      "description" : "Base StructureDefinition for integer Type: A whole number",
      "title" : "exampleUnionField",
      "type" : "object",
      "properties" : {
        "id" : {
          "description" : "Unique id for the element within a resource (for internal references). This may be any string value that does not contain spaces.",
          "title" : "id",
          "type" : "string"
        },
        "value" : {
          "description" : "Primitive value for BoxedInteger",
          "title" : "value",
          "type" : "number"
        }
      }
    },
    "BoxedString" : {
      "description" : "Base StructureDefinition for string Type: A sequence of Unicode characters",
      "title" : "exampleUnionField",
      "type" : "object",
      "properties" : {
        "id" : {
          "description" : "Unique id for the element within a resource (for internal references). This may be any string value that does not contain spaces.",
          "title" : "id",
          "type" : "string"
        },
        "value" : {
          "description" : "Primitive value for BoxedString",
          "title" : "value",
          "type" : "string"
        }
      }
    }
  },
  "properties" : {
    "exampleUnionField" : {
      "oneOf" : [ {
        "$ref" : "#/definitions/BoxedInteger",
        "description" : "",
        "title" : "exampleUnionField"
      }, {
        "$ref" : "#/definitions/BoxedString",
        "description" : "",
        "title" : "exampleUnionField"
      } ]
    }
  },
  "required" : [ "exampleUnionField" ]
}