{
  "description" : "Example Command with Non Native Fields",
  "title" : "TestNonNativeSimpleCommand",
  "type" : "object",
  "definitions" : { },
  "properties" : {
    "exampleIdField" : {
      "description" : "",
      "title" : "Example Id Field",
      "type" : "string"
    },
    "exampleBase64Field" : {
      "description" : "",
      "title" : "Example Base64 Field",
      "type" : "string"
    },
    "exampleCanonicalField" : {
      "description" : "",
      "title" : "Example Canonical Field",
      "type" : "string"
    },
    "exampleCodeField" : {
      "description" : "",
      "title" : "Example Code Field",
      "type" : "string"
    },
    "exampleDateField" : {
      "description" : "",
      "title" : "Example Date Field",
      "type" : "string"
    },
    "exampleDateTimeField" : {
      "description" : "",
      "title" : "Example Date Time Field",
      "type" : "string"
    },
    "exampleDecimalField" : {
      "description" : "",
      "title" : "Example Decimal Field",
      "type" : "number"
    },
    "exampleInstantField" : {
      "description" : "",
      "title" : "Example Instant Field",
      "type" : "string"
    },
    "exampleMarkdownField" : {
      "description" : "",
      "title" : "Example Markdown Field",
      "type" : "string"
    },
    "exampleOidField" : {
      "description" : "",
      "title" : "Example Oid Field",
      "type" : "string"
    },
    "examplePositiveIntegerField" : {
      "description" : "",
      "title" : "Example Positive Integer Field",
      "type" : "number"
    },
    "exampleUnsignedIntegerField" : {
      "description" : "",
      "title" : "Example Unsigned Integer Field",
      "type" : "number"
    },
    "exampleUriField" : {
      "description" : "",
      "title" : "Example Uri Field",
      "type" : "string"
    },
    "exampleUrlField" : {
      "description" : "",
      "title" : "Example Url Field",
      "type" : "string"
    },
    "exampleUuidField" : {
      "description" : "",
      "title" : "Example Uuid Field",
      "type" : "string"
    },
    "exampleXhtmlField" : {
      "description" : "",
      "title" : "Example Xhtml Field",
      "type" : "string"
    }
  },
  "required" : [ "exampleBase64Field", "exampleCanonicalField", "exampleCodeField", "exampleDateField", "exampleDateTimeField", "exampleDecimalField", "exampleIdField", "exampleInstantField", "exampleMarkdownField", "exampleOidField", "examplePositiveIntegerField", "exampleUnsignedIntegerField", "exampleUriField", "exampleUrlField", "exampleUuidField", "exampleXhtmlField" ]
}