{
  "description" : "Example Command with optional Example String Field",
  "title" : "TestOptionalSimpleCommand",
  "type" : "object",
  "definitions" : { },
  "properties" : {
    "exampleStringField" : {
      "description" : "",
      "title" : "Example String Field",
      "type" : "string"
    }
  }
}