{
  "getStructureDefinition" : {
    "id" : "CodeableConcept",
    "abstract" : false,
    "kind" : "complex-type"
  }
}