nodes:
	node_type: Organization
	node_hash: 1A39C
	node_edges:
	attributes:
		level -> VeryMuch

edges:
