{
  "requiresResourceId" : false,
  "resourceType" : "StructureDefinition",
  "possibleTargets" : { }
}