{
  "requiresResourceId" : true,
  "resourceType" : "StructureDefinition",
  "possibleTargets" : { }
}