Cannot add to aggregate state, because there is no node with id specified at start id parameter name.
Operation name: 'AddCodingOnStructureDefinitionJurisdiction'
Id: 'Jurisdiction/NotExistingJurisdiction'
Modification kind: 'add'
Start id parameter name: 'jurisdictionId'