nodes:
	node_type: AggregateDefinition
	node_hash: 4CA35
	node_edges:
		AggregateDefinition -> command -> CommandHandlerDefinition (4CA35 -> 5EFB4 -> EC773)
		AggregateDefinition -> command -> CommandHandlerDefinition (4CA35 -> 9A2C1 -> D1A1B)
		AggregateDefinition -> structure -> StructureDefinition (4CA35 -> 1D20A -> DABF6)
	attributes:
		description -> This is a example test aggregate.
		name -> ExampleTestResource

	node_type: CommandHandlerDefinition
	node_hash: D1A1B
	node_edges:
		AggregateDefinition -> command -> CommandHandlerDefinition (4CA35 -> 9A2C1 -> D1A1B)
		CommandHandlerDefinition -> eventFactory -> CommandHandlerDefinitionEventFactory (D1A1B -> 54A69 -> 5C13E)
		CommandHandlerDefinition -> operation -> OperationDefinition (D1A1B -> E728B -> 8103B)
	attributes:
		creationalPolicy -> if_missing

	node_type: CommandHandlerDefinition
	node_hash: EC773
	node_edges:
		AggregateDefinition -> command -> CommandHandlerDefinition (4CA35 -> 5EFB4 -> EC773)
		CommandHandlerDefinition -> eventFactory -> CommandHandlerDefinitionEventFactory (EC773 -> 43A0B -> 51932)
		CommandHandlerDefinition -> operation -> OperationDefinition (EC773 -> DA318 -> 4DE01)
	attributes:
		creationalPolicy -> never

	node_type: CommandHandlerDefinitionEventFactory
	node_hash: 51932
	node_edges:
		CommandHandlerDefinition -> eventFactory -> CommandHandlerDefinitionEventFactory (EC773 -> 43A0B -> 51932)
		CommandHandlerDefinitionEventFactory -> event -> EventMessageDefinition (51932 -> FE71B -> BBC49)
		CommandHandlerDefinitionEventFactory -> modification -> CommandHandlerDefinitionEventFactoryModification (51932 -> 58078 -> 9E2DE)
	attributes:

	node_type: CommandHandlerDefinitionEventFactory
	node_hash: 5C13E
	node_edges:
		CommandHandlerDefinition -> eventFactory -> CommandHandlerDefinitionEventFactory (D1A1B -> 54A69 -> 5C13E)
		CommandHandlerDefinitionEventFactory -> event -> EventMessageDefinition (5C13E -> FE71B -> BBC49)
		CommandHandlerDefinitionEventFactory -> modification -> CommandHandlerDefinitionEventFactoryModification (5C13E -> 056BF -> BC65A)
		CommandHandlerDefinitionEventFactory -> modification -> CommandHandlerDefinitionEventFactoryModification (5C13E -> 16A40 -> 95423)
		CommandHandlerDefinitionEventFactory -> modification -> CommandHandlerDefinitionEventFactoryModification (5C13E -> 37A4E -> 45724)
		CommandHandlerDefinitionEventFactory -> modification -> CommandHandlerDefinitionEventFactoryModification (5C13E -> 4144C -> B029A)
		CommandHandlerDefinitionEventFactory -> modification -> CommandHandlerDefinitionEventFactoryModification (5C13E -> 49412 -> A5196)
		CommandHandlerDefinitionEventFactory -> modification -> CommandHandlerDefinitionEventFactoryModification (5C13E -> 4B593 -> 98EC2)
		CommandHandlerDefinitionEventFactory -> modification -> CommandHandlerDefinitionEventFactoryModification (5C13E -> 58078 -> 9E2DE)
		CommandHandlerDefinitionEventFactory -> modification -> CommandHandlerDefinitionEventFactoryModification (5C13E -> 6D621 -> F0318)
		CommandHandlerDefinitionEventFactory -> modification -> CommandHandlerDefinitionEventFactoryModification (5C13E -> 989F7 -> BD30E)
		CommandHandlerDefinitionEventFactory -> modification -> CommandHandlerDefinitionEventFactoryModification (5C13E -> 9FDD8 -> 1DDC6)
		CommandHandlerDefinitionEventFactory -> modification -> CommandHandlerDefinitionEventFactoryModification (5C13E -> B86E8 -> F6DF5)
	attributes:

	node_type: CommandHandlerDefinitionEventFactoryModification
	node_hash: 1DDC6
	node_edges:
		CommandHandlerDefinitionEventFactory -> modification -> CommandHandlerDefinitionEventFactoryModification (5C13E -> 9FDD8 -> 1DDC6)
	attributes:
		inputValueParameterName -> language
		kind -> add
		modificationPath -> language

	node_type: CommandHandlerDefinitionEventFactoryModification
	node_hash: 45724
	node_edges:
		CommandHandlerDefinitionEventFactory -> modification -> CommandHandlerDefinitionEventFactoryModification (5C13E -> 37A4E -> 45724)
	attributes:
		inputValueParameterName -> modifierExtension
		kind -> add
		modificationPath -> modifierExtension

	node_type: CommandHandlerDefinitionEventFactoryModification
	node_hash: 95423
	node_edges:
		CommandHandlerDefinitionEventFactory -> modification -> CommandHandlerDefinitionEventFactoryModification (5C13E -> 16A40 -> 95423)
	attributes:
		inputValueParameterName -> extension
		kind -> add
		modificationPath -> extension

	node_type: CommandHandlerDefinitionEventFactoryModification
	node_hash: 98EC2
	node_edges:
		CommandHandlerDefinitionEventFactory -> modification -> CommandHandlerDefinitionEventFactoryModification (5C13E -> 4B593 -> 98EC2)
	attributes:
		inputValueParameterName -> implicitRules
		kind -> add
		modificationPath -> implicitRules

	node_type: CommandHandlerDefinitionEventFactoryModification
	node_hash: 9E2DE
	node_edges:
		CommandHandlerDefinitionEventFactory -> modification -> CommandHandlerDefinitionEventFactoryModification (51932 -> 58078 -> 9E2DE)
	attributes:
		inputValueParameterName -> tag
		kind -> add
		modificationPath -> tag

	node_type: CommandHandlerDefinitionEventFactoryModification
	node_hash: 9E2DE
	node_edges:
		CommandHandlerDefinitionEventFactory -> modification -> CommandHandlerDefinitionEventFactoryModification (5C13E -> 58078 -> 9E2DE)
	attributes:
		inputValueParameterName -> tag
		kind -> add
		modificationPath -> tag

	node_type: CommandHandlerDefinitionEventFactoryModification
	node_hash: A5196
	node_edges:
		CommandHandlerDefinitionEventFactory -> modification -> CommandHandlerDefinitionEventFactoryModification (5C13E -> 49412 -> A5196)
	attributes:
		inputValueParameterName -> name
		kind -> add
		modificationPath -> name

	node_type: CommandHandlerDefinitionEventFactoryModification
	node_hash: B029A
	node_edges:
		CommandHandlerDefinitionEventFactory -> modification -> CommandHandlerDefinitionEventFactoryModification (5C13E -> 4144C -> B029A)
	attributes:
		inputValueParameterName -> structure
		kind -> add
		modificationPath -> structure

	node_type: CommandHandlerDefinitionEventFactoryModification
	node_hash: BC65A
	node_edges:
		CommandHandlerDefinitionEventFactory -> modification -> CommandHandlerDefinitionEventFactoryModification (5C13E -> 056BF -> BC65A)
	attributes:
		inputValueParameterName -> contained
		kind -> add
		modificationPath -> contained

	node_type: CommandHandlerDefinitionEventFactoryModification
	node_hash: BD30E
	node_edges:
		CommandHandlerDefinitionEventFactory -> modification -> CommandHandlerDefinitionEventFactoryModification (5C13E -> 989F7 -> BD30E)
	attributes:
		inputValueParameterName -> description
		kind -> add
		modificationPath -> description

	node_type: CommandHandlerDefinitionEventFactoryModification
	node_hash: F0318
	node_edges:
		CommandHandlerDefinitionEventFactory -> modification -> CommandHandlerDefinitionEventFactoryModification (5C13E -> 6D621 -> F0318)
	attributes:
		inputValueParameterName -> text
		kind -> add
		modificationPath -> text

	node_type: CommandHandlerDefinitionEventFactoryModification
	node_hash: F6DF5
	node_edges:
		CommandHandlerDefinitionEventFactory -> modification -> CommandHandlerDefinitionEventFactoryModification (5C13E -> B86E8 -> F6DF5)
	attributes:
		inputValueParameterName -> meta
		kind -> add
		modificationPath -> meta

	node_type: EventMessageDefinition
	node_hash: BBC49
	node_edges:
		CommandHandlerDefinitionEventFactory -> event -> EventMessageDefinition (51932 -> FE71B -> BBC49)
	attributes:

	node_type: EventMessageDefinition
	node_hash: BBC49
	node_edges:
		CommandHandlerDefinitionEventFactory -> event -> EventMessageDefinition (5C13E -> FE71B -> BBC49)
	attributes:

	node_type: OperationDefinition
	node_hash: 4DE01
	node_edges:
		CommandHandlerDefinition -> operation -> OperationDefinition (EC773 -> DA318 -> 4DE01)
	attributes:

	node_type: OperationDefinition
	node_hash: 8103B
	node_edges:
		CommandHandlerDefinition -> operation -> OperationDefinition (D1A1B -> E728B -> 8103B)
	attributes:

	node_type: StructureDefinition
	node_hash: DABF6
	node_edges:
		AggregateDefinition -> structure -> StructureDefinition (4CA35 -> 1D20A -> DABF6)
	attributes:

edges:
	edge_type: command
	edge_hash: 5EFB4
	AggregateDefinition -> command -> CommandHandlerDefinition (4CA35 -> 5EFB4 -> EC773)
	attributes:

	edge_type: command
	edge_hash: 9A2C1
	AggregateDefinition -> command -> CommandHandlerDefinition (4CA35 -> 9A2C1 -> D1A1B)
	attributes:

	edge_type: event
	edge_hash: FE71B
	CommandHandlerDefinitionEventFactory -> event -> EventMessageDefinition (51932 -> FE71B -> BBC49)
	attributes:

	edge_type: event
	edge_hash: FE71B
	CommandHandlerDefinitionEventFactory -> event -> EventMessageDefinition (5C13E -> FE71B -> BBC49)
	attributes:

	edge_type: eventFactory
	edge_hash: 43A0B
	CommandHandlerDefinition -> eventFactory -> CommandHandlerDefinitionEventFactory (EC773 -> 43A0B -> 51932)
	attributes:

	edge_type: eventFactory
	edge_hash: 54A69
	CommandHandlerDefinition -> eventFactory -> CommandHandlerDefinitionEventFactory (D1A1B -> 54A69 -> 5C13E)
	attributes:

	edge_type: modification
	edge_hash: 056BF
	CommandHandlerDefinitionEventFactory -> modification -> CommandHandlerDefinitionEventFactoryModification (5C13E -> 056BF -> BC65A)
	attributes:

	edge_type: modification
	edge_hash: 16A40
	CommandHandlerDefinitionEventFactory -> modification -> CommandHandlerDefinitionEventFactoryModification (5C13E -> 16A40 -> 95423)
	attributes:

	edge_type: modification
	edge_hash: 37A4E
	CommandHandlerDefinitionEventFactory -> modification -> CommandHandlerDefinitionEventFactoryModification (5C13E -> 37A4E -> 45724)
	attributes:

	edge_type: modification
	edge_hash: 4144C
	CommandHandlerDefinitionEventFactory -> modification -> CommandHandlerDefinitionEventFactoryModification (5C13E -> 4144C -> B029A)
	attributes:

	edge_type: modification
	edge_hash: 49412
	CommandHandlerDefinitionEventFactory -> modification -> CommandHandlerDefinitionEventFactoryModification (5C13E -> 49412 -> A5196)
	attributes:

	edge_type: modification
	edge_hash: 4B593
	CommandHandlerDefinitionEventFactory -> modification -> CommandHandlerDefinitionEventFactoryModification (5C13E -> 4B593 -> 98EC2)
	attributes:

	edge_type: modification
	edge_hash: 58078
	CommandHandlerDefinitionEventFactory -> modification -> CommandHandlerDefinitionEventFactoryModification (51932 -> 58078 -> 9E2DE)
	attributes:

	edge_type: modification
	edge_hash: 58078
	CommandHandlerDefinitionEventFactory -> modification -> CommandHandlerDefinitionEventFactoryModification (5C13E -> 58078 -> 9E2DE)
	attributes:

	edge_type: modification
	edge_hash: 6D621
	CommandHandlerDefinitionEventFactory -> modification -> CommandHandlerDefinitionEventFactoryModification (5C13E -> 6D621 -> F0318)
	attributes:

	edge_type: modification
	edge_hash: 989F7
	CommandHandlerDefinitionEventFactory -> modification -> CommandHandlerDefinitionEventFactoryModification (5C13E -> 989F7 -> BD30E)
	attributes:

	edge_type: modification
	edge_hash: 9FDD8
	CommandHandlerDefinitionEventFactory -> modification -> CommandHandlerDefinitionEventFactoryModification (5C13E -> 9FDD8 -> 1DDC6)
	attributes:

	edge_type: modification
	edge_hash: B86E8
	CommandHandlerDefinitionEventFactory -> modification -> CommandHandlerDefinitionEventFactoryModification (5C13E -> B86E8 -> F6DF5)
	attributes:

	edge_type: operation
	edge_hash: DA318
	CommandHandlerDefinition -> operation -> OperationDefinition (EC773 -> DA318 -> 4DE01)
	attributes:

	edge_type: operation
	edge_hash: E728B
	CommandHandlerDefinition -> operation -> OperationDefinition (D1A1B -> E728B -> 8103B)
	attributes:

	edge_type: structure
	edge_hash: 1D20A
	AggregateDefinition -> structure -> StructureDefinition (4CA35 -> 1D20A -> DABF6)
	attributes:
