[ {
  "generatorClassName" : "ai.stapi.axonsystemplugin.fixtures.ExampleImplementations.ExampleFixtureCommandsGenerator",
  "oneTimeGenerator" : true,
  "commandDefinitions" : [ {
    "name" : "ai.stapi.axonsystemplugin.exampleimplmentation.CreateNewExampleNodeCommand",
    "command" : {
      "serializationType" : "CreateNewExampleNodeCommand",
      "targetIdentifier" : {
        "id" : "2d82aa9a-64d9-4e68-a825-ecacca941201"
      },
      "exampleNodeName" : "Example Name",
      "exampleNodeType" : "ExampleNodeType",
      "exampleQuantity" : 0,
      "exampleStringAttribute" : "default",
      "exampleListAttribute" : [ ]
    }
  } ],
  "processedFiles" : [ ]
}, {
  "generatorClassName" : "ai.stapi.axonsystemplugin.fixtures.ExampleImplementations.ExampleAnotherFixtureCommandsGenerator",
  "oneTimeGenerator" : true,
  "commandDefinitions" : [ {
    "name" : "ai.stapi.axonsystemplugin.exampleimplmentation.CreateNewExampleNodeCommand",
    "command" : {
      "serializationType" : "CreateNewExampleNodeCommand",
      "targetIdentifier" : {
        "id" : "2d82aa9a-64d9-4e68-a825-ecacca941201"
      },
      "exampleNodeName" : "Example Another Name",
      "exampleNodeType" : "ExampleNodeType",
      "exampleQuantity" : 0,
      "exampleStringAttribute" : "default",
      "exampleListAttribute" : [ ]
    }
  } ],
  "processedFiles" : [ ]
} ]