"\"Marks the field, argument, input field or enum value as deprecated\"
directive @deprecated(
    \"The reason for the deprecation\"
    reason: String = \"No longer supported\"
  ) on FIELD_DEFINITION | ARGUMENT_DEFINITION | ENUM_VALUE | INPUT_FIELD_DEFINITION

\"Directs the executor to include this field or fragment only when the `if` argument is true\"
directive @include(
    \"Included when true.\"
    if: Boolean!
  ) on FIELD | FRAGMENT_SPREAD | INLINE_FRAGMENT

\"Directs the executor to skip this field or fragment when the `if` argument is true.\"
directive @skip(
    \"Skipped when true.\"
    if: Boolean!
  ) on FIELD | FRAGMENT_SPREAD | INLINE_FRAGMENT

\"Exposes a URL that specifies the behaviour of this scalar.\"
directive @specifiedBy(
    \"The URL that specifies the behaviour of this scalar.\"
    url: String!
  ) on SCALAR

\"High level Union type of all types in this schema.\"
union AnyNode = Element | ExampleComplexType | ExampleResource

type Element {
  \"Unique id for inter-element referencing\"
  id: [String!]!
}

\"Description of Example Complex Type\"
type ExampleComplexType {
  \"Example String Field on Example Complex Type\"
  exampleStringField: String!
}

\"Description of Example Resource\"
type ExampleResource {
  \"Example List Decimal Field on Example Resource\"
  exampleListDecimalField: [Float!]!
}

type Query {
  findExampleResourceList(filter: [ExampleResourceLogicalFilterOption!], pagination: OffsetPaginationOption, sort: [ExampleResourceSortOption!]): [ExampleResource!]!
  getExampleResource(id: String!): ExampleResource
}

enum SortDirection {
  ASC
  DESC
}

\"Base StructureDefinition for decimal Type: A rational number with implicit precision\"
scalar decimal

\"Base StructureDefinition for string Type: A String description\"
scalar string

input ElementFilterOption {
  id_ALL_MATCH: ElementIdChildFilterOption
  id_ANY_MATCH: ElementIdChildFilterOption
  id_EQUALS: [String!]
  id_NONE_MATCH: ElementIdChildFilterOption
  id_NOT_EQUALS: [String!]
}

input ElementIdChildFilterOption {
  CONTAINS: String
  ENDS_WITH: String
  EQUALS: String
  GREATER_THAN: String
  GREATER_THAN_OR_EQUALS: String
  LOWER_THAN: String
  LOWER_THAN_OR_EQUALS: String
  NOT_EQUALS: String
  STARTS_WITH: String
}

input ElementLogicalFilterOption {
  AND: [ElementLogicalFilterOption!]
  NOT: ElementLogicalFilterOption
  OR: [ElementLogicalFilterOption!]
  id_ALL_MATCH: ElementIdChildFilterOption
  id_ANY_MATCH: ElementIdChildFilterOption
  id_EQUALS: [String!]
  id_NONE_MATCH: ElementIdChildFilterOption
  id_NOT_EQUALS: [String!]
}

input ElementSortOption {
  id: SortDirection
}

input ExampleComplexTypeFilterOption {
  exampleStringField_CONTAINS: String
  exampleStringField_ENDS_WITH: String
  exampleStringField_EQUALS: String
  exampleStringField_GREATER_THAN: String
  exampleStringField_GREATER_THAN_OR_EQUALS: String
  exampleStringField_LOWER_THAN: String
  exampleStringField_LOWER_THAN_OR_EQUALS: String
  exampleStringField_NOT_EQUALS: String
  exampleStringField_STARTS_WITH: String
}

input ExampleComplexTypeLogicalFilterOption {
  AND: [ExampleComplexTypeLogicalFilterOption!]
  NOT: ExampleComplexTypeLogicalFilterOption
  OR: [ExampleComplexTypeLogicalFilterOption!]
  exampleStringField_CONTAINS: String
  exampleStringField_ENDS_WITH: String
  exampleStringField_EQUALS: String
  exampleStringField_GREATER_THAN: String
  exampleStringField_GREATER_THAN_OR_EQUALS: String
  exampleStringField_LOWER_THAN: String
  exampleStringField_LOWER_THAN_OR_EQUALS: String
  exampleStringField_NOT_EQUALS: String
  exampleStringField_STARTS_WITH: String
}

input ExampleComplexTypeSortOption {
  exampleStringField: SortDirection
}

input ExampleResourceExampleListDecimalFieldChildFilterOption {
  EQUALS: Float
  GREATER_THAN: Float
  GREATER_THAN_OR_EQUALS: Float
  LOWER_THAN: Float
  LOWER_THAN_OR_EQUALS: Float
  NOT_EQUALS: Float
}

input ExampleResourceFilterOption {
  exampleListDecimalField_ALL_MATCH: ExampleResourceExampleListDecimalFieldChildFilterOption
  exampleListDecimalField_ANY_MATCH: ExampleResourceExampleListDecimalFieldChildFilterOption
  exampleListDecimalField_EQUALS: [Float!]
  exampleListDecimalField_NONE_MATCH: ExampleResourceExampleListDecimalFieldChildFilterOption
  exampleListDecimalField_NOT_EQUALS: [Float!]
}

input ExampleResourceLogicalFilterOption {
  AND: [ExampleResourceLogicalFilterOption!]
  NOT: ExampleResourceLogicalFilterOption
  OR: [ExampleResourceLogicalFilterOption!]
  exampleListDecimalField_ALL_MATCH: ExampleResourceExampleListDecimalFieldChildFilterOption
  exampleListDecimalField_ANY_MATCH: ExampleResourceExampleListDecimalFieldChildFilterOption
  exampleListDecimalField_EQUALS: [Float!]
  exampleListDecimalField_NONE_MATCH: ExampleResourceExampleListDecimalFieldChildFilterOption
  exampleListDecimalField_NOT_EQUALS: [Float!]
}

input ExampleResourceSortOption {
  exampleListDecimalField: SortDirection
}

input OffsetPaginationOption {
  limit: Int!
  offset: Int!
}
"