"\"Marks the field, argument, input field or enum value as deprecated\"
directive @deprecated(
    \"The reason for the deprecation\"
    reason: String = \"No longer supported\"
  ) on FIELD_DEFINITION | ARGUMENT_DEFINITION | ENUM_VALUE | INPUT_FIELD_DEFINITION

\"Directs the executor to include this field or fragment only when the `if` argument is true\"
directive @include(
    \"Included when true.\"
    if: Boolean!
  ) on FIELD | FRAGMENT_SPREAD | INLINE_FRAGMENT

\"Directs the executor to skip this field or fragment when the `if` argument is true.\"
directive @skip(
    \"Skipped when true.\"
    if: Boolean!
  ) on FIELD | FRAGMENT_SPREAD | INLINE_FRAGMENT

\"Exposes a URL that specifies the behaviour of this scalar.\"
directive @specifiedBy(
    \"The URL that specifies the behaviour of this scalar.\"
    url: String!
  ) on SCALAR

\"High level Union type of all types in this schema.\"
union AnyNode = Element | ExampleReferencedResource | ExampleResource

type Element {
  \"Unique id for inter-element referencing\"
  id: [String!]!
}

\"Description of Example Referenced Resource\"
type ExampleReferencedResource {
  \"Example String Field on Referenced Resource\"
  exampleStringField: String
}

\"Description of Example Resource\"
type ExampleResource {
  \"Example List Decimal Field on Example Resource\"
  exampleListDecimalField: [Float!]!
  \"Example Resource Field on Example Resource\"
  exampleResourceField: ExampleReferencedResource!
}

type Mutation {
  createExampleResource(id: ID, payload: CreateExampleResourceCommandPayloadInput!): MutationResponse
}

type MutationResponse {
  successes: Boolean
}

type Query {
  findExampleReferencedResourceList(filter: [ExampleReferencedResourceLogicalFilterOption!], pagination: OffsetPaginationOption, sort: [ExampleReferencedResourceSortOption!]): [ExampleReferencedResource!]!
  findExampleResourceList(filter: [ExampleResourceLogicalFilterOption!], pagination: OffsetPaginationOption, sort: [ExampleResourceSortOption!]): [ExampleResource!]!
  getExampleReferencedResource(id: String!): ExampleReferencedResource!
  getExampleResource(id: String!): ExampleResource!
}

enum SortDirection {
  ASC
  DESC
}

\"Base StructureDefinition for decimal Type: A rational number with implicit precision\"
scalar decimal

\"Base StructureDefinition for string Type\"
scalar string

\"Example Mutation For Creating Example Resource\"
input CreateExampleResourceCommandPayloadInput {
  exampleListDecimalField: [Float!]
  exampleResourceField: ID!
}

input ElementCommandInput {
  id: [String!]
}

input ElementFilterOption {
  id_ALL_MATCH: ElementIdChildFilterOption
  id_ANY_MATCH: ElementIdChildFilterOption
  id_EQUALS: [String!]
  id_NONE_MATCH: ElementIdChildFilterOption
  id_NOT_EQUALS: [String!]
}

input ElementIdChildFilterOption {
  CONTAINS: String
  ENDS_WITH: String
  EQUALS: String
  GREATER_THAN: String
  GREATER_THAN_OR_EQUALS: String
  LOWER_THAN: String
  LOWER_THAN_OR_EQUALS: String
  NOT_EQUALS: String
  STARTS_WITH: String
}

input ElementLogicalFilterOption {
  AND: [ElementLogicalFilterOption!]
  NOT: ElementLogicalFilterOption
  OR: [ElementLogicalFilterOption!]
  id_ALL_MATCH: ElementIdChildFilterOption
  id_ANY_MATCH: ElementIdChildFilterOption
  id_EQUALS: [String!]
  id_NONE_MATCH: ElementIdChildFilterOption
  id_NOT_EQUALS: [String!]
}

input ElementSortOption {
  id: SortDirection
}

input ExampleReferencedResourceFilterOption {
  exampleStringField_CONTAINS: String
  exampleStringField_ENDS_WITH: String
  exampleStringField_EQUALS: String
  exampleStringField_GREATER_THAN: String
  exampleStringField_GREATER_THAN_OR_EQUALS: String
  exampleStringField_LOWER_THAN: String
  exampleStringField_LOWER_THAN_OR_EQUALS: String
  exampleStringField_NOT_EQUALS: String
  exampleStringField_STARTS_WITH: String
}

input ExampleReferencedResourceLogicalFilterOption {
  AND: [ExampleReferencedResourceLogicalFilterOption!]
  NOT: ExampleReferencedResourceLogicalFilterOption
  OR: [ExampleReferencedResourceLogicalFilterOption!]
  exampleStringField_CONTAINS: String
  exampleStringField_ENDS_WITH: String
  exampleStringField_EQUALS: String
  exampleStringField_GREATER_THAN: String
  exampleStringField_GREATER_THAN_OR_EQUALS: String
  exampleStringField_LOWER_THAN: String
  exampleStringField_LOWER_THAN_OR_EQUALS: String
  exampleStringField_NOT_EQUALS: String
  exampleStringField_STARTS_WITH: String
}

input ExampleReferencedResourceSortOption {
  exampleStringField: SortDirection
}

input ExampleResourceExampleListDecimalFieldChildFilterOption {
  EQUALS: Float
  GREATER_THAN: Float
  GREATER_THAN_OR_EQUALS: Float
  LOWER_THAN: Float
  LOWER_THAN_OR_EQUALS: Float
  NOT_EQUALS: Float
}

input ExampleResourceFilterOption {
  exampleListDecimalField_ALL_MATCH: ExampleResourceExampleListDecimalFieldChildFilterOption
  exampleListDecimalField_ANY_MATCH: ExampleResourceExampleListDecimalFieldChildFilterOption
  exampleListDecimalField_EQUALS: [Float!]
  exampleListDecimalField_NONE_MATCH: ExampleResourceExampleListDecimalFieldChildFilterOption
  exampleListDecimalField_NOT_EQUALS: [Float!]
  exampleResourceField: ExampleReferencedResourceFilterOption
}

input ExampleResourceLogicalFilterOption {
  AND: [ExampleResourceLogicalFilterOption!]
  NOT: ExampleResourceLogicalFilterOption
  OR: [ExampleResourceLogicalFilterOption!]
  exampleListDecimalField_ALL_MATCH: ExampleResourceExampleListDecimalFieldChildFilterOption
  exampleListDecimalField_ANY_MATCH: ExampleResourceExampleListDecimalFieldChildFilterOption
  exampleListDecimalField_EQUALS: [Float!]
  exampleListDecimalField_NONE_MATCH: ExampleResourceExampleListDecimalFieldChildFilterOption
  exampleListDecimalField_NOT_EQUALS: [Float!]
  exampleResourceField: ExampleReferencedResourceFilterOption
}

input ExampleResourceSortOption {
  exampleListDecimalField: SortDirection
  exampleResourceField: ExampleReferencedResourceSortOption
}

input OffsetPaginationOption {
  limit: Int!
  offset: Int!
}
"